{
    "Should run without failures": {
        "content": [
            {
                "0": [
                    [
                        {
                            "id": "sample1"
                        },
                        "sample1_cnv_calls.vcf:md5,b0224052d5268b140cf5fc33445c52e2"
                    ]
                ],
                "1": [
                    [
                        {
                            "id": "sample1"
                        },
                        "sample1_cnv_cov.png:md5,848d09fe7ca4cf7b668b87402ef48cd0"
                    ]
                ],
                "2": [
                    "versions.yml:md5,e1b620736ba90ba0fefc07ad9ea456f5"
                ],
                "qdnaseq_plot": [
                    [
                        {
                            "id": "sample1"
                        },
                        "sample1_cnv_cov.png:md5,848d09fe7ca4cf7b668b87402ef48cd0"
                    ]
                ],
                "qdnaseq_vcf": [
                    [
                        {
                            "id": "sample1"
                        },
                        "sample1_cnv_calls.vcf:md5,b0224052d5268b140cf5fc33445c52e2"
                    ]
                ],
                "versions": [
                    "versions.yml:md5,e1b620736ba90ba0fefc07ad9ea456f5"
                ]
            }
        ],
        "meta": {
            "nf-test": "0.9.2",
            "nextflow": "24.10.2"
        },
        "timestamp": "2025-04-11T21:22:59.723021585"
    }
}