{
    "Test Workflow SPLIT_BAMS_TIME": {
        "content": [
            {
                "0": [
                    [
                        {
                            "id": "test_sample"
                        },
                        "test_sample-time-0h-4h.bam:md5,58651f57dee5533e8bb3f3298bb23c0e"
                    ]
                ],
                "1": [
                    
                ],
                "ch_bam_out": [
                    [
                        {
                            "id": "test_sample"
                        },
                        "test_sample-time-0h-4h.bam:md5,58651f57dee5533e8bb3f3298bb23c0e"
                    ]
                ],
                "ch_versions": [
                    
                ]
            }
        ],
        "meta": {
            "nf-test": "0.9.2",
            "nextflow": "24.10.4"
        },
        "timestamp": "2025-04-11T20:31:13.233718676"
    }
}